---
source: src/handlers/graphical/label.rs
expression: snapshot
---
' ' x 0: ""
' ' x 1: " "
' ' x 31: "                               "
' ' x 32: "                                "
' ' x 33: "                                 "
' ' x 64: "                                                                "
' ' x 65: "                                                                 "
'─' x 0: ""
'─' x 1: "─"
'─' x 31: "───────────────────────────────"
'─' x 32: "────────────────────────────────"
'─' x 33: "─────────────────────────────────"
'─' x 64: "────────────────────────────────────────────────────────────────"
'─' x 65: "─────────────────────────────────────────────────────────────────"
'^' x 0: ""
'^' x 1: "^"
'^' x 31: "^^^^^^^^^^^^^^^^^^^^^^^^^^^^^^^"
'^' x 32: "^^^^^^^^^^^^^^^^^^^^^^^^^^^^^^^^"
'^' x 33: "^^^^^^^^^^^^^^^^^^^^^^^^^^^^^^^^^"
'^' x 64: "^^^^^^^^^^^^^^^^^^^^^^^^^^^^^^^^^^^^^^^^^^^^^^^^^^^^^^^^^^^^^^^^"
'^' x 65: "^^^^^^^^^^^^^^^^^^^^^^^^^^^^^^^^^^^^^^^^^^^^^^^^^^^^^^^^^^^^^^^^^"
'x' x 0: ""
'x' x 1: "x"
'x' x 31: "xxxxxxxxxxxxxxxxxxxxxxxxxxxxxxx"
'x' x 32: "xxxxxxxxxxxxxxxxxxxxxxxxxxxxxxxx"
'x' x 33: "xxxxxxxxxxxxxxxxxxxxxxxxxxxxxxxxx"
'x' x 64: "xxxxxxxxxxxxxxxxxxxxxxxxxxxxxxxxxxxxxxxxxxxxxxxxxxxxxxxxxxxxxxxx"
'x' x 65: "xxxxxxxxxxxxxxxxxxxxxxxxxxxxxxxxxxxxxxxxxxxxxxxxxxxxxxxxxxxxxxxxx"
'🐂' x 0: ""
'🐂' x 1: "🐂"
'🐂' x 31: "🐂🐂🐂🐂🐂🐂🐂🐂🐂🐂🐂🐂🐂🐂🐂🐂🐂🐂🐂🐂🐂🐂🐂🐂🐂🐂🐂🐂🐂🐂🐂"
'🐂' x 32: "🐂🐂🐂🐂🐂🐂🐂🐂🐂🐂🐂🐂🐂🐂🐂🐂🐂🐂🐂🐂🐂🐂🐂🐂🐂🐂🐂🐂🐂🐂🐂🐂"
'🐂' x 33: "🐂🐂🐂🐂🐂🐂🐂🐂🐂🐂🐂🐂🐂🐂🐂🐂🐂🐂🐂🐂🐂🐂🐂🐂🐂🐂🐂🐂🐂🐂🐂🐂🐂"
'🐂' x 64: "🐂🐂🐂🐂🐂🐂🐂🐂🐂🐂🐂🐂🐂🐂🐂🐂🐂🐂🐂🐂🐂🐂🐂🐂🐂🐂🐂🐂🐂🐂🐂🐂🐂🐂🐂🐂🐂🐂🐂🐂🐂🐂🐂🐂🐂🐂🐂🐂🐂🐂🐂🐂🐂🐂🐂🐂🐂🐂🐂🐂🐂🐂🐂🐂"
'🐂' x 65: "🐂🐂🐂🐂🐂🐂🐂🐂🐂🐂🐂🐂🐂🐂🐂🐂🐂🐂🐂🐂🐂🐂🐂🐂🐂🐂🐂🐂🐂🐂🐂🐂🐂🐂🐂🐂🐂🐂🐂🐂🐂🐂🐂🐂🐂🐂🐂🐂🐂🐂🐂🐂🐂🐂🐂🐂🐂🐂🐂🐂🐂🐂🐂🐂🐂"
